// Jest Snapshot v1, https://goo.gl/fbAQLP

exports[`JobApplicationMode should return cover letter, resume, and quality analysis 1`] = `
{
  "analysis": {
    "critique": "Strong skills match.",
    "score": 90,
    "suggestions": [
      "Quantify achievements.",
    ],
  },
  "body": "Dear Hiring Manager, I am a Frontend Developer...

---

Role: Frontend Developer
Summary: Expert developer.",
  "meta": {
    "mode": "job",
    "tone": "professional",
  },
  "sections": {
    "coverLetter": "Dear Hiring Manager, I am a Frontend Developer...",
    "resume": "Role: Frontend Developer
Summary: Expert developer.",
  },
}
`;
