// Jest Snapshot v1, https://goo.gl/fbAQLP

exports[`Marketplace Mode should return deterministic sections from fixed input 1`] = `
{
  "analysis": {
    "critique": "Good description.",
    "score": 85,
    "suggestions": [
      "Add more keywords.",
    ],
  },
  "body": "This Vintage Leather Bag is a great item for sale. Price: 120 Platform: eBay",
  "meta": {
    "mode": "marketplace",
    "tone": "friendly",
  },
  "sections": {
    "description": "This Vintage Leather Bag is a great item for sale. Price: 120 Platform: eBay",
    "seoTags": "test, demo",
    "title": "Vintage Leather Bag",
  },
}
`;
