// Jest Snapshot v1, https://goo.gl/fbAQLP

exports[`Marketplace Mode should return deterministic sections from fixed input 1`] = `
{
  "analysis": {
    "critique": "Clear, appealing description with good keywords.",
    "score": 88,
    "suggestions": [
      "Mention dimensions",
    ],
  },
  "body": "This vintage leather bag is in excellent condition...",
  "meta": {
    "finalScore": 88,
    "mode": "marketplace",
    "refinementApplied": false,
    "tone": "friendly",
  },
  "sections": {
    "description": "This vintage leather bag is in excellent condition...",
    "seoTags": "vintage, leather, bag",
    "title": "Vintage Leather Bag - Genuine Leather, Excellent Condition",
  },
}
`;
